main.c:299:5:main	48	static
main.c:598:6:SystemClock_Config	88	static
main.c:643:13:MX_I2C1_Init	8	static
main.c:677:13:MX_TIM1_Init	56	static
main.c:727:13:MX_TIM2_Init	32	static
main.c:773:13:MX_TIM3_Init	64	static
main.c:832:13:MX_TIM4_Init	32	static
main.c:877:13:MX_USART2_UART_Init	8	static
main.c:908:13:MX_DMA_Init	16	static
main.c:929:13:MX_GPIO_Init	48	static
main.c:984:7:Encoder_Velocity_Update	48	static
main.c:1021:6:Motor_Drive_PWM	8	static
main.c:1045:6:Kalman_Filter	32	static
main.c:1071:6:Velocity_Control	4	static
main.c:1103:6:Distance_Calculation	8	static
main.c:1153:6:Position_Control	4	static
main.c:1176:6:Trajectory_Generation	128	static
main.c:1249:6:UARTInit	16	static
main.c:1260:6:UARTResetStart	16	static
main.c:1264:10:UARTGetRxHead	16	static
main.c:1268:9:UARTReadChar	32	static
main.c:1283:6:UARTTxDumpBuffer	24	static
main.c:1309:6:UARTTxWrite	32	static
main.c:1332:6:UART_Protocol	16	static
main.c:1503:6:UART_Do_Command	16	static
main.c:1564:6:HAL_TIM_PeriodElapsedCallback	24	static
main.c:1571:10:micros	12	static
main.c:1581:6:Error_Handler	4	static,ignoring_inline_asm
