main.c:334:5:main	72	static
main.c:878:6:SystemClock_Config	88	static
main.c:923:13:MX_I2C1_Init	8	static
main.c:957:13:MX_TIM1_Init	56	static
main.c:1007:13:MX_TIM2_Init	32	static
main.c:1053:13:MX_TIM3_Init	64	static
main.c:1112:13:MX_TIM4_Init	32	static
main.c:1157:13:MX_USART2_UART_Init	8	static
main.c:1188:13:MX_DMA_Init	16	static
main.c:1209:13:MX_GPIO_Init	48	static
main.c:1264:7:Encoder_Velocity_Update	56	static
main.c:1320:7:Encoder_Position_Update	24	static
main.c:1384:6:Motor_Drive_PWM	8	static
main.c:1408:6:quintic	24	static
main.c:1472:6:Kalman_Filter	24	static
main.c:1545:6:cascade_control_with_feed_forward	16	static
main.c:1615:6:Velocity_Control	4	static
main.c:1647:6:Distance_Calculation	8	static
main.c:1697:6:Position_Control	4	static
main.c:1720:6:Trajectory_Generation	128	static
main.c:1793:6:UARTInit	16	static
main.c:1804:6:UARTResetStart	16	static
main.c:1808:10:UARTGetRxHead	16	static
main.c:1812:9:UARTReadChar	32	static
main.c:1827:6:UARTTxDumpBuffer	24	static
main.c:1853:6:UARTTxWrite	32	static
main.c:1876:6:UART_Protocol	16	static
main.c:2047:6:UART_Do_Command	16	static
main.c:2108:6:HAL_TIM_PeriodElapsedCallback	24	static
main.c:2115:10:micros	12	static
main.c:2125:6:Error_Handler	4	static,ignoring_inline_asm
